whisper_init_from_file_with_params_no_state: loading model from 'C:\Users\24627\AppData\Roaming\com.rain.app\whisper-models\ggml-large-v3.bin'
whisper_init_with_params_no_state: use gpu    = 1
whisper_init_with_params_no_state: flash attn = 0
whisper_init_with_params_no_state: gpu_device = 0
whisper_init_with_params_no_state: dtw        = 0
ggml_cuda_init: found 1 CUDA devices:
  Device 0: NVIDIA GeForce RTX 5060 Ti, compute capability 12.0, VMM: yes
whisper_init_with_params_no_state: devices    = 2
whisper_init_with_params_no_state: backends   = 2
whisper_model_load: loading model
whisper_model_load: n_vocab       = 51866
whisper_model_load: n_audio_ctx   = 1500
whisper_model_load: n_audio_state = 1280
whisper_model_load: n_audio_head  = 20
whisper_model_load: n_audio_layer = 32
whisper_model_load: n_text_ctx    = 448
whisper_model_load: n_text_state  = 1280
whisper_model_load: n_text_head   = 20
whisper_model_load: n_text_layer  = 32
whisper_model_load: n_mels        = 128
whisper_model_load: ftype         = 1
whisper_model_load: qntvr         = 0
whisper_model_load: type          = 5 (large v3)
whisper_model_load: adding 1609 extra tokens
whisper_model_load: n_langs       = 100
whisper_model_load:        CUDA0 total size =  3094.36 MB
whisper_model_load: model size    = 3094.36 MB
whisper_backend_init_gpu: device 0: CUDA0 (type: 1)
whisper_backend_init_gpu: found GPU device 0: CUDA0 (type: 1, cnt: 0)
whisper_backend_init_gpu: using CUDA0 backend
whisper_init_state: kv self size  =   83.89 MB
whisper_init_state: kv cross size =  251.66 MB
whisper_init_state: kv pad  size  =    7.86 MB
whisper_init_state: compute buffer (conv)   =   37.69 MB
whisper_init_state: compute buffer (encode) =  212.31 MB
whisper_init_state: compute buffer (cross)  =    9.27 MB
whisper_init_state: compute buffer (decode) =  100.04 MB
